Hello from Zen!